// Jest Snapshot v1, https://goo.gl/fbAQLP

exports[`PeopleContainer should match the snapshot with all data passed in 1`] = `
<section
  className="cardContainer"
>
  <div
    className="loadingMessage"
  >
    <p>
      Information loading. Please Hold...
    </p>
  </div>
</section>
`;
